// Jest Snapshot v1, https://goo.gl/fbAQLP

exports[`ConversationsList render should return three Conversation components for each bot (1-3) 1`] = `
<div
  className="conversationListWrapper"
>
  <Memo(Conversation)
    image="https://images.unsplash.com/photo-1496046744122-2328018d60b6?ixlib=rb-1.2.1&ixid=eyJhcHBfaWQiOjEyMDd9&auto=format&fit=crop&w=1664&q=80"
    key="1"
    name="Travel bot"
    onClick={[Function]}
  />
  <Memo(Conversation)
    image="https://images.unsplash.com/photo-1534308983496-4fabb1a015ee?ixlib=rb-1.2.1&ixid=eyJhcHBfaWQiOjEyMDd9&auto=format&fit=crop&w=1655&q=80"
    key="2"
    name="Pizza Bot"
    onClick={[Function]}
  />
  <Memo(Conversation)
    image="https://images.unsplash.com/photo-1446776653964-20c1d3a81b06?ixlib=rb-1.2.1&ixid=eyJhcHBfaWQiOjEyMDd9&auto=format&fit=crop&w=1651&q=80"
    key="3"
    name="Web search bot"
    onClick={[Function]}
  />
</div>
`;
