// Jest Snapshot v1, https://goo.gl/fbAQLP

exports[`ChatBotContainer render should return ChatBot component 1`] = `
<ChatBot
  currentUserId={1}
  messages={
    Array [
      1,
      2,
      3,
      4,
      5,
    ]
  }
  replying={true}
  sendMessage={[Function]}
/>
`;
